

Working Directory = /home/internals/Desktop/Cordic/temp
QoS Summary for Cordic
==========================================================================================
Metric                          generic         map             syn_opt         final          
==========================================================================================
Slack (ps):                        14               6               0               0
  R2R (ps):                       144              25               0               0
  I2R (ps):                        14               6               1               1
  R2O (ps):                       687             700             724             724
  I2O (ps):                  no_value        no_value        no_value        no_value
  CG  (ps):                  no_value        no_value        no_value        no_value
TNS (ps):                           0               0               0               0
  R2R (ps):                         0               0               0               0
  I2R (ps):                         0               0               0               0
  R2O (ps):                         0               0               0               0
  I2O (ps):                  no_value        no_value        no_value        no_value
  CG  (ps):                  no_value        no_value        no_value        no_value
Failing Paths:                      0               0               0               0
Cell Area:                          0               0               0               0
Total Cell Area:                    0               0               0               0
Leaf Instances:                15,404           8,649           7,743           7,743
Total Instances:               15,404           8,649           7,743           7,743
Utilization (%):                 0.00            0.00            0.00            0.00
Tot. Net Length (um):        no_value        no_value        no_value        no_value
Avg. Net Length (um):        no_value        no_value        no_value        no_value
Route Overflow H (%):        no_value        no_value        no_value        no_value
Route Overflow V (%):        no_value        no_value        no_value        no_value
MBCI(%) (bits/gate) :            0.00            0.00            0.00            0.00
Norm Cong Hotspot Area:
  Max Cong:                  no_value        no_value        no_value        no_value
  Tot Cong:                  no_value        no_value        no_value        no_value
==========================================================================================
CPU  Runtime (h:m:s):        00:31:55        00:31:10        00:30:11        00:30:00
Real Runtime (h:m:s):        00:31:57        00:30:42        00:30:13        00:30:01
CPU  Elapsed (h:m:s):        00:31:58        00:33:08        00:33:19        00:33:19
Real Elapsed (h:m:s):        00:31:58        00:32:41        00:32:53        00:32:54
Memory (MB):                  1420.05         1461.86         1425.84         1425.84
==========================================================================================
==========================================================================================
Flow Settings:
==========================================================================================
Total Runtime (h:m:s): 00:32:55
Total Memory (MB):     1425.84
Executable Version:    20.11-s111_1
==========================================================================================
Total Cell Area =  Cell Area + Physical Cell Area
Total Instances =  Leaf Instances + Physical Instances


