

Working Directory = /home/internals/Desktop/Cordic
QoS Summary for Cordic
==========================================================================================
Metric                          generic         map             syn_opt         final          
==========================================================================================
Slack (ps):                        14               6               0               0
  R2R (ps):                       144              25               0               0
  I2R (ps):                        14               6               1               1
  R2O (ps):                       687             700             724             724
  I2O (ps):                  no_value        no_value        no_value        no_value
  CG  (ps):                  no_value        no_value        no_value        no_value
TNS (ps):                           0               0               0               0
  R2R (ps):                         0               0               0               0
  I2R (ps):                         0               0               0               0
  R2O (ps):                         0               0               0               0
  I2O (ps):                  no_value        no_value        no_value        no_value
  CG  (ps):                  no_value        no_value        no_value        no_value
Failing Paths:                      0               0               0               0
Cell Area:                          0               0               0               0
Total Cell Area:                    0               0               0               0
Leaf Instances:                15,404           8,649           7,743           7,743
Total Instances:               15,404           8,649           7,743           7,743
Utilization (%):                 0.00            0.00            0.00            0.00
Tot. Net Length (um):        no_value        no_value        no_value        no_value
Avg. Net Length (um):        no_value        no_value        no_value        no_value
Route Overflow H (%):        no_value        no_value        no_value        no_value
Route Overflow V (%):        no_value        no_value        no_value        no_value
MBCI(%) (bits/gate) :            0.00            0.00            0.00            0.00
Norm Cong Hotspot Area:
  Max Cong:                  no_value        no_value        no_value        no_value
  Tot Cong:                  no_value        no_value        no_value        no_value
==========================================================================================
CPU  Runtime (h:m:s):        00:31:55        00:31:07        00:30:12        00:30:00
Real Runtime (h:m:s):        00:31:53        00:30:43        00:30:12        00:30:01
CPU  Elapsed (h:m:s):        00:31:58        00:33:06        00:33:17        00:33:17
Real Elapsed (h:m:s):        00:31:55        00:32:37        00:32:49        00:32:50
Memory (MB):                  1417.43         1459.23         1424.21         1424.21
==========================================================================================
==========================================================================================
Flow Settings:
==========================================================================================
Total Runtime (h:m:s): 00:32:50
Total Memory (MB):     1424.21
Executable Version:    20.11-s111_1
==========================================================================================
Total Cell Area =  Cell Area + Physical Cell Area
Total Instances =  Leaf Instances + Physical Instances


